Microchip MPLAB XC8 Compiler V2.45

Linker command line:

-W-3 \
  --edf=C:\Program Files\Microchip\xc8\v2.45\pic\dat\20230818022343_en.msgs \
  -cn -h+dist/default/production\muliplexingSeg.X.production.sym \
  --cmf=dist/default/production\muliplexingSeg.X.production.cmf -z \
  -Q18F4620 -oC:\Users\laphouse\AppData\Local\Temp\xcAsi48.\driver_tmp_3.o \
  --defsym=__MPLAB_BUILD=1 --fixupoverflow=error \
  -Mdist/default/production/muliplexingSeg.X.production.map \
  --md=C:\Users\laphouse\AppData\Local\Temp\xcAsi48.\driver_tmp_0.dat -E1 \
  -ver=XC8 Compiler --acfsm=1493 -ACODE=00h-0FFFFh -ACONST=00h-0FFFFh \
  -ASMALLCONST=01000h-010FFhx240 -AMEDIUMCONST=01000h-0FFFFh \
  -ACOMRAM=01h-07Fh -AABS1=00h-0F7Fh -ABIGRAM=01h-0F7Fh \
  -ARAM=080h-0FFh,0100h-01FFhx14,0F00h-0F7Fh -ABANK0=080h-0FFh \
  -ABANK1=0100h-01FFh -ABANK2=0200h-02FFh -ABANK3=0300h-03FFh \
  -ABANK4=0400h-04FFh -ABANK5=0500h-05FFh -ABANK6=0600h-06FFh \
  -ABANK7=0700h-07FFh -ABANK8=0800h-08FFh -ABANK9=0900h-09FFh \
  -ABANK10=0A00h-0AFFh -ABANK11=0B00h-0BFFh -ABANK12=0C00h-0CFFh \
  -ABANK13=0D00h-0DFFh -ABANK14=0E00h-0EFFh -ABANK15=0F00h-0F7Fh \
  -ASFR=0F80h-0FFFh -ABIGSFR=0F80h-0FFFh -ACONFIG=0300000h-030000Dh \
  -AIDLOC=0200000h-0200007h -AEEDATA=0F00000h-0F003FFh -peeprom_data=EEDATA \
  -preset_vec=00h,intcode=08h,intcodelo,powerup,init -pramtop=01000h \
  -psmallconst=SMALLCONST -pmediumconst=MEDIUMCONST -pconst=CONST \
  -AFARRAM=00h-00h \
  -prdata=COMRAM,nvrram=COMRAM,nvbit=COMRAM,rbss=COMRAM,rbit=COMRAM \
  -pfarbss=FARRAM,fardata=FARRAM,nvFARRAM=FARRAM \
  -pintsave_regs=BIGRAM,bigbss=BIGRAM,bigdata=BIGRAM -pbss=RAM \
  -pidata=CODE,irdata=CODE,ibigdata=CODE,ifardata=CODE -prparam=COMRAM \
  C:\Users\laphouse\AppData\Local\Temp\xcAsi48.\driver_tmp_9.o \
  dist/default/production\muliplexingSeg.X.production.o 

Object code version is 3.11

Machine type is 18F4620



                Name                               Link     Load   Length Selector   Space Scale
C:\Users\laphouse\AppData\Local\Temp\xcAsi48.\driver_tmp_9.o
                init                                  E        E        4        4       0
                reset_vec                             0        0        4        0       0
dist/default/production\muliplexingSeg.X.production.o
                intcode                               8        8        6        4       0
                temp                                 5D       5D        1        1       1
                smallconst                         1000     1000        2      800       0
                text21                             1ABA     1ABA        4      801       0
                text20                             1AB6     1AB6        4      801       0
                text19                             1AB2     1AB2        4      801       0
                text18                             1A94     1A94       1A      801       0
                text17                             1A7A     1A7A       1A      801       0
                text16                             1A60     1A60       1A      801       0
                text15                             1A46     1A46       1A      801       0
                text14                             1AAE     1AAE        4      801       0
                text13                             19B4     19B4       38      801       0
                intcode_body                       1002     1002      2B6      801       0
                text11                             14EE     14EE       C4      801       0
                text10                             166A     166A       B0      801       0
                text9                              197A     197A       3A      801       0
                text8                              183E     183E       76      801       0
                text7                              1940     1940       3A      801       0
                text6                              18B4     18B4       52      801       0
                text5                              17B0     17B0       8E      801       0
                text4                              12B8     12B8      126      801       0
                text3                              13DE     13DE      110      801       0
                text2                              15B2     15B2       B8      801       0
                text1                              1A1C     1A1C       2A      801       0
                text0                              171A     171A       96      801       0
                cstackCOMRAM                         4C       4C       10        1       1
                dataCOMRAM                            1        1       30        1       1
                bssCOMRAM                            31       31       1B        1       1
                cinit                              1906     1906       3A      801       0
                nvCOMRAM                             5C       5C        1        1       1
                idataCOMRAM                        19EC     19EC       30      801       0

TOTAL           Name                               Link     Load   Length     Space
        CLASS   CODE           
                intcode                               8        8        6         0
                init                                  E        E        4         0
                reset_vec                             0        0        4         0
                text21                             1ABA     1ABA        4         0
                text20                             1AB6     1AB6        4         0
                text19                             1AB2     1AB2        4         0
                text18                             1A94     1A94       1A         0
                text17                             1A7A     1A7A       1A         0
                text16                             1A60     1A60       1A         0
                text15                             1A46     1A46       1A         0
                text14                             1AAE     1AAE        4         0
                text13                             19B4     19B4       38         0
                intcode_body                       1002     1002      2B6         0
                text11                             14EE     14EE       C4         0
                text10                             166A     166A       B0         0
                text9                              197A     197A       3A         0
                text8                              183E     183E       76         0
                text7                              1940     1940       3A         0
                text6                              18B4     18B4       52         0
                text5                              17B0     17B0       8E         0
                text4                              12B8     12B8      126         0
                text3                              13DE     13DE      110         0
                text2                              15B2     15B2       B8         0
                text1                              1A1C     1A1C       2A         0
                text0                              171A     171A       96         0
                cinit                              1906     1906       3A         0
                idataCOMRAM                        19EC     19EC       30         0

        CLASS   CONST          

        CLASS   SMALLCONST     
                smallconst                         1000     1000        2         0

        CLASS   MEDIUMCONST    

        CLASS   COMRAM         
                temp                                 5D       5D        1         1
                cstackCOMRAM                         4C       4C       10         1
                dataCOMRAM                            1        1       30         1
                bssCOMRAM                            31       31       1B         1
                nvCOMRAM                             5C       5C        1         1

        CLASS   ABS1           

        CLASS   BIGRAM         

        CLASS   RAM            

        CLASS   BANK0          

        CLASS   BANK1          

        CLASS   BANK2          

        CLASS   BANK3          

        CLASS   BANK4          

        CLASS   BANK5          

        CLASS   BANK6          

        CLASS   BANK7          

        CLASS   BANK8          

        CLASS   BANK9          

        CLASS   BANK10         

        CLASS   BANK11         

        CLASS   BANK12         

        CLASS   BANK13         

        CLASS   BANK14         

        CLASS   BANK15         

        CLASS   SFR            

        CLASS   BIGSFR         

        CLASS   CONFIG         

        CLASS   IDLOC          

        CLASS   EEDATA         

        CLASS   FARRAM         

        CLASS   HEAP           

        CLASS   STACK          



SEGMENTS        Name                           Load    Length   Top    Selector   Space  Class

                reset_vec                      000000  000004  000004         0       0  CODE    
                dataCOMRAM                     000001  00005D  00005E         1       1  COMRAM  
                intcode                        000008  00000A  000012         4       0  CODE    
                smallconst                     001000  000002  001002       800       0  SMALLCON
                intcode_body                   001002  000ABC  001ABE       801       0  CODE    


UNUSED ADDRESS RANGES

        Name                Unused          Largest block    Delta
        BANK0            0080-00FF             80
        BANK1            0100-01FF            100
        BANK10           0A00-0AFF            100
        BANK11           0B00-0BFF            100
        BANK12           0C00-0CFF            100
        BANK13           0D00-0DFF            100
        BANK14           0E00-0EFF            100
        BANK15           0F00-0F7F             80
        BANK2            0200-02FF            100
        BANK3            0300-03FF            100
        BANK4            0400-04FF            100
        BANK5            0500-05FF            100
        BANK6            0600-06FF            100
        BANK7            0700-07FF            100
        BANK8            0800-08FF            100
        BANK9            0900-09FF            100
        BIGRAM           005E-0F7F            F22
        BIGSFR           0F80-0FFF             80
        CODE             0004-0007              4
                         0012-0FFF            FEE
                         1ABE-FFFF           E542
        COMRAM           005E-007F             22
        CONFIG           300000-30000D              E
        CONST            0004-0007              4
                         0012-0FFF            FEE
                         1ABE-FFFF           E542
        EEDATA           F00000-F003FF            400
        IDLOC            200000-200007              8
        MEDIUMCONST      1ABE-FFFF           E542
        RAM              0080-0F7F            100
        SFR              0F80-0FFF             80
        SMALLCONST       1ABE-FFFF            100

                                  Symbol Table

?___awdiv                           cstackCOMRAM 004F
?___awmod                           cstackCOMRAM 004F
RB4_ISR@RB4_Source                  cstackCOMRAM 004C
RB5_ISR@RB5_Source                  cstackCOMRAM 004C
RB6_ISR@RB6_Source                  cstackCOMRAM 004C
RB7_ISR@RB7_Source                  cstackCOMRAM 004C
Timer0_Init@ret                     cstackCOMRAM 0054
Timer0_Init@timer                   cstackCOMRAM 0051
Timer0_Mode_Select@timer            cstackCOMRAM 004F
Timer0_Reg_Size@timer               cstackCOMRAM 004F
Timer0_prescaler_config@timer       cstackCOMRAM 004F
_INT0_ISR                           text21       1ABA
_INT0_InterruptHandler              bssCOMRAM    0049
_INT1_ISR                           text20       1AB6
_INT1_InterruptHandler              bssCOMRAM    0047
_INT2_ISR                           text19       1AB2
_INT2_InterruptHandler              bssCOMRAM    0045
_INTCON2bits                        (abs)        0FF1
_INTCON3bits                        (abs)        0FF0
_INTCONbits                         (abs)        0FF2
_InterruptManager                   intcode      0008
_LATA                               (abs)        0F89
_LATB                               (abs)        0F8A
_LATC                               (abs)        0F8B
_LATD                               (abs)        0F8C
_LATE                               (abs)        0F8D
_PORTA                              (abs)        0F80
_PORTB                              (abs)        0F81
_PORTBbits                          (abs)        0F81
_PORTC                              (abs)        0F82
_PORTD                              (abs)        0F83
_PORTE                              (abs)        0F84
_RB4_Flag                           dataCOMRAM   0022
_RB4_ISR                            text18       1A94
_RB4_InterruptHandler_HIGH          bssCOMRAM    0043
_RB4_InterruptHandler_LOW           bssCOMRAM    0041
_RB5_Flag                           dataCOMRAM   0021
_RB5_ISR                            text17       1A7A
_RB5_InterruptHandler_HIGH          bssCOMRAM    003F
_RB5_InterruptHandler_LOW           bssCOMRAM    003D
_RB6_Flag                           dataCOMRAM   0020
_RB6_ISR                            text16       1A60
_RB6_InterruptHandler_HIGH          bssCOMRAM    003B
_RB6_InterruptHandler_LOW           bssCOMRAM    0039
_RB7_Flag                           dataCOMRAM   001F
_RB7_ISR                            text15       1A46
_RB7_InterruptHandler_HIGH          bssCOMRAM    0037
_RB7_InterruptHandler_LOW           bssCOMRAM    0035
_T0CONbits                          (abs)        0FD5
_TMR0H                              (abs)        0FD7
_TMR0L                              (abs)        0FD6
_TMR0_ISR                           text13       19B4
_TRISA                              (abs)        0F92
_TRISB                              (abs)        0F93
_TRISC                              (abs)        0F94
_TRISD                              (abs)        0F95
_TRISE                              (abs)        0F96
_Timer0_Init                        text5        17B0
_Timer0_InterruptHandler            bssCOMRAM    0033
_Timer0_Mode_Select                 text8        183E
_Timer0_Reg_Size                    text7        1940
_Timer0_prescaler_config            text6        18B4
__HRAM                              (abs)        0000
__H__absolute__                     __absolute__ 0000
__Habs1                             abs1         0000
__Hbank0                            bank0        0000
__Hbank1                            bank1        0000
__Hbank10                           bank10       0000
__Hbank11                           bank11       0000
__Hbank12                           bank12       0000
__Hbank13                           bank13       0000
__Hbank14                           bank14       0000
__Hbank15                           bank15       0000
__Hbank2                            bank2        0000
__Hbank3                            bank3        0000
__Hbank4                            bank4        0000
__Hbank5                            bank5        0000
__Hbank6                            bank6        0000
__Hbank7                            bank7        0000
__Hbank8                            bank8        0000
__Hbank9                            bank9        0000
__Hbigbss                           bigbss       0000
__Hbigdata                          bigdata      0000
__Hbigram                           bigram       0000
__Hbigsfr                           bigsfr       0000
__Hbss                              bss          0000
__HbssCOMRAM                        bssCOMRAM    0000
__Hcinit                            cinit        0000
__Hclrtext                          clrtext      0000
__Hcomram                           comram       0000
__Hconfig                           config       0000
__Hconst                            const        0000
__HcstackCOMRAM                     cstackCOMRAM 0000
__Hdata                             data         0000
__HdataCOMRAM                       dataCOMRAM   0000
__Heeprom_data                      eeprom_data  0000
__Hfarbss                           farbss       0000
__Hfardata                          fardata      0000
__Hheap                             heap         0000
__Hibigdata                         ibigdata     0000
__Hidata                            idata        0000
__HidataCOMRAM                      idataCOMRAM  0000
__Hidloc                            idloc        0000
__Hifardata                         ifardata     0000
__Hinit                             init         0012
__Hintcode                          intcode      000E
__Hintcode_body                     intcode_body 0000
__Hintcodelo                        intcodelo    000E
__Hintentry                         intentry     0000
__Hintret                           intret       0000
__Hintsave_regs                     intsave_regs 0000
__Hirdata                           irdata       0000
__Hmediumconst                      mediumconst  0000
__HnvCOMRAM                         nvCOMRAM     0000
__HnvFARRAM                         nvFARRAM     0000
__Hnvbit                            nvbit        0000
__Hnvrram                           nvrram       0000
__Hparam                            rparam       0000
__Hpowerup                          powerup      000E
__Hram                              ram          0000
__Hramtop                           ramtop       1000
__Hrbit                             rbit         0000
__Hrbss                             rbss         0000
__Hrdata                            rdata        0000
__Hreset_vec                        reset_vec    0004
__Hrparam                           rparam       0000
__Hsfr                              sfr          0000
__Hsmallconst                       smallconst   1002
__Hspace_0                          (abs)        1ABE
__Hspace_1                          (abs)        005E
__Hspace_2                          (abs)        0000
__Hspace_4                          (abs)        0000
__Hstack                            stack        0000
__Hstruct                           struct       0000
__Htemp                             temp         005E
__Htext                             text         0000
__Htext0                            text0        0000
__Htext1                            text1        0000
__Htext10                           text10       0000
__Htext11                           text11       0000
__Htext13                           text13       0000
__Htext14                           text14       0000
__Htext15                           text15       0000
__Htext16                           text16       0000
__Htext17                           text17       0000
__Htext18                           text18       0000
__Htext19                           text19       0000
__Htext2                            text2        0000
__Htext20                           text20       0000
__Htext21                           text21       0000
__Htext22                           text22       0000
__Htext3                            text3        0000
__Htext4                            text4        0000
__Htext5                            text5        0000
__Htext6                            text6        0000
__Htext7                            text7        0000
__Htext8                            text8        0000
__Htext9                            text9        0000
__LRAM                              (abs)        0001
__L__absolute__                     __absolute__ 0000
__Labs1                             abs1         0000
__Lbank0                            bank0        0000
__Lbank1                            bank1        0000
__Lbank10                           bank10       0000
__Lbank11                           bank11       0000
__Lbank12                           bank12       0000
__Lbank13                           bank13       0000
__Lbank14                           bank14       0000
__Lbank15                           bank15       0000
__Lbank2                            bank2        0000
__Lbank3                            bank3        0000
__Lbank4                            bank4        0000
__Lbank5                            bank5        0000
__Lbank6                            bank6        0000
__Lbank7                            bank7        0000
__Lbank8                            bank8        0000
__Lbank9                            bank9        0000
__Lbigbss                           bigbss       0000
__Lbigdata                          bigdata      0000
__Lbigram                           bigram       0000
__Lbigsfr                           bigsfr       0000
__Lbss                              bss          0000
__LbssCOMRAM                        bssCOMRAM    0000
__Lcinit                            cinit        0000
__Lclrtext                          clrtext      0000
__Lcomram                           comram       0000
__Lconfig                           config       0000
__Lconst                            const        0000
__LcstackCOMRAM                     cstackCOMRAM 0000
__Ldata                             data         0000
__LdataCOMRAM                       dataCOMRAM   0000
__Leeprom_data                      eeprom_data  0000
__Lfarbss                           farbss       0000
__Lfardata                          fardata      0000
__Lheap                             heap         0000
__Libigdata                         ibigdata     0000
__Lidata                            idata        0000
__LidataCOMRAM                      idataCOMRAM  0000
__Lidloc                            idloc        0000
__Lifardata                         ifardata     0000
__Linit                             init         000E
__Lintcode                          intcode      0008
__Lintcode_body                     intcode_body 0000
__Lintcodelo                        intcodelo    000E
__Lintentry                         intentry     0000
__Lintret                           intret       0000
__Lintsave_regs                     intsave_regs 0000
__Lirdata                           irdata       0000
__Lmediumconst                      mediumconst  0000
__LnvCOMRAM                         nvCOMRAM     0000
__LnvFARRAM                         nvFARRAM     0000
__Lnvbit                            nvbit        0000
__Lnvrram                           nvrram       0000
__Lparam                            rparam       0000
__Lpowerup                          powerup      000E
__Lram                              ram          0000
__Lramtop                           ramtop       1000
__Lrbit                             rbit         0000
__Lrbss                             rbss         0000
__Lrdata                            rdata        0000
__Lreset_vec                        reset_vec    0000
__Lrparam                           rparam       0000
__Lsfr                              sfr          0000
__Lsmallconst                       smallconst   1000
__Lspace_0                          (abs)        0000
__Lspace_1                          (abs)        0000
__Lspace_2                          (abs)        0000
__Lspace_4                          (abs)        0000
__Lstack                            stack        0000
__Lstruct                           struct       0000
__Ltemp                             temp         005D
__Ltext                             text         0000
__Ltext0                            text0        0000
__Ltext1                            text1        0000
__Ltext10                           text10       0000
__Ltext11                           text11       0000
__Ltext13                           text13       0000
__Ltext14                           text14       0000
__Ltext15                           text15       0000
__Ltext16                           text16       0000
__Ltext17                           text17       0000
__Ltext18                           text18       0000
__Ltext19                           text19       0000
__Ltext2                            text2        0000
__Ltext20                           text20       0000
__Ltext21                           text21       0000
__Ltext22                           text22       0000
__Ltext3                            text3        0000
__Ltext4                            text4        0000
__Ltext5                            text5        0000
__Ltext6                            text6        0000
__Ltext7                            text7        0000
__Ltext8                            text8        0000
__Ltext9                            text9        0000
__S0                                (abs)        1ABE
__S1                                (abs)        005E
__S4                                (abs)        0000
__S5                                (abs)        0000
___awdiv                            text11       14EE
___awdiv@counter                    cstackCOMRAM 0053
___awdiv@dividend                   cstackCOMRAM 004F
___awdiv@divisor                    cstackCOMRAM 0051
___awdiv@quotient                   cstackCOMRAM 0055
___awdiv@sign                       cstackCOMRAM 0054
___awmod                            text10       166A
___awmod@counter                    cstackCOMRAM 0053
___awmod@dividend                   cstackCOMRAM 004F
___awmod@divisor                    cstackCOMRAM 0051
___awmod@sign                       cstackCOMRAM 0054
___heap_hi                          (abs)        0000
___heap_lo                          (abs)        0000
___inthi_sp                         stack        0000
___inthi_stack_hi                   stack        0000
___inthi_stack_lo                   stack        0000
___intlo_sp                         stack        0000
___intlo_stack_hi                   stack        0000
___intlo_stack_lo                   stack        0000
___param_bank                       (abs)        0000
___rparam_used                      (abs)        0001
___sp                               stack        0000
___stack_hi                         stack        0000
___stack_lo                         stack        0000
__accesstop                         (abs)        0080
__activetblptr                      (abs)        0002
__end_of_INT0_ISR                   text21       1ABE
__end_of_INT1_ISR                   text20       1ABA
__end_of_INT2_ISR                   text19       1AB6
__end_of_InterruptManager           intcode_body 12B8
__end_of_RB4_ISR                    text18       1AAE
__end_of_RB5_ISR                    text17       1A94
__end_of_RB6_ISR                    text16       1A7A
__end_of_RB7_ISR                    text15       1A60
__end_of_TMR0_ISR                   text13       19EC
__end_of_Timer0_Init                text5        183E
__end_of_Timer0_Mode_Select         text8        18B4
__end_of_Timer0_Reg_Size            text7        197A
__end_of_Timer0_prescaler_config    text6        1906
__end_of___awdiv                    text11       15B2
__end_of___awmod                    text10       171A
__end_of__initialization            cinit        1932
__end_of_gpio_pin_direction_init    text4        13DE
__end_of_gpio_pin_write_logic       text3        14EE
__end_of_gpio_port_write_logic      text9        19B4
__end_of_init                       text1        1A46
__end_of_main                       text0        17B0
__end_of_seven_segment_init         text2        166A
__end_of_tmr0_isr                   text14       1AB2
__initialization                    cinit        1906
__mediumconst                       mediumconst  0000
__pbssCOMRAM                        bssCOMRAM    0031
__pcinit                            cinit        1906
__pcstackCOMRAM                     cstackCOMRAM 004C
__pdataCOMRAM                       dataCOMRAM   0001
__pidataCOMRAM                      idataCOMRAM  19EC
__pintcode                          intcode      0008
__pintcode_body                     intcode_body 1002
__pnvCOMRAM                         nvCOMRAM     005C
__psmallconst                       smallconst   1000
__ptext0                            text0        171A
__ptext1                            text1        1A1C
__ptext10                           text10       166A
__ptext11                           text11       14EE
__ptext13                           text13       19B4
__ptext14                           text14       1AAE
__ptext15                           text15       1A46
__ptext16                           text16       1A60
__ptext17                           text17       1A7A
__ptext18                           text18       1A94
__ptext19                           text19       1AB2
__ptext2                            text2        15B2
__ptext20                           text20       1AB6
__ptext21                           text21       1ABA
__ptext22                           text22       0000
__ptext3                            text3        13DE
__ptext4                            text4        12B8
__ptext5                            text5        17B0
__ptext6                            text6        18B4
__ptext7                            text7        1940
__ptext8                            text8        183E
__ptext9                            text9        197A
__ramtop                            ramtop       1000
__smallconst                        smallconst   1000
_gpio_pin_direction_init            text4        12B8
_gpio_pin_write_logic               text3        13DE
_gpio_port_write_logic              text9        197A
_init                               text1        1A1C
_lat_reg                            dataCOMRAM   000B
_main                               text0        171A
_number                             bssCOMRAM    004B
_ones                               dataCOMRAM   0030
_port_reg                           dataCOMRAM   0001
_ret                                nvCOMRAM     005C
_seven_seg_obj                      dataCOMRAM   002A
_seven_segment_init                 text2        15B2
_tens                               dataCOMRAM   002F
_timer0_obj                         dataCOMRAM   0023
_timer0_preload                     bssCOMRAM    0031
_tmr0_isr                           text14       1AAE
_tris_reg                           dataCOMRAM   0015
btemp                               temp         005D
end_of_initialization               cinit        1932
gpio_pin_direction_init@_pin_config cstackCOMRAM 004F
gpio_pin_direction_init@ret         cstackCOMRAM 0055
gpio_pin_write_logic@_pin_config    cstackCOMRAM 004F
gpio_pin_write_logic@logic          cstackCOMRAM 0050
gpio_pin_write_logic@ret            cstackCOMRAM 0056
gpio_port_write_logic@logic         cstackCOMRAM 0057
gpio_port_write_logic@port          cstackCOMRAM 005A
int$flags                           temp         005D
int_func                            intcode_body 1002
intlevel0                           text         0000
intlevel1                           text         0000
intlevel2                           text         0000
intlevel3                           text         0000
isa$std                             (abs)        0001
isa$xinst                           (abs)        0000
seven_segment_init@ret              cstackCOMRAM 0058
seven_segment_init@seg              cstackCOMRAM 0057
stackhi                             (abs)        0000
stacklo                             (abs)        0000
start                               init         000E
start_initialization                cinit        1906
ttemp5                              temp         005E
ttemp6                              temp         0061
ttemp7                              temp         0065
wtemp8                              temp         005E


MODULE INFORMATION

Module		Function		Class		Link	Load	Size
MCAL_layer/Interrupt/mcal_interrupt_manager.c
		_InterruptManager		CODE           	0008	0000	700

MCAL_layer/Interrupt/mcal_interrupt_manager.c estimated size: 700

MCAL_layer/Interrupt/mcal_external_interrupt.c
		_RB4_ISR       		CODE           	1A94	0000	26
		_RB5_ISR       		CODE           	1A7A	0000	26
		_RB6_ISR       		CODE           	1A60	0000	26
		_RB7_ISR       		CODE           	1A46	0000	26
		_INT0_ISR      		CODE           	1ABA	0000	4
		_INT1_ISR      		CODE           	1AB6	0000	4
		_INT2_ISR      		CODE           	1AB2	0000	4

MCAL_layer/Interrupt/mcal_external_interrupt.c estimated size: 116

MCAL_layer/GPIO/hal_gpio.c
		_gpio_pin_write_logic		CODE           	13DE	0000	272
		_gpio_pin_direction_init		CODE           	12B8	0000	294
		_gpio_port_write_logic		CODE           	197A	0000	58

MCAL_layer/GPIO/hal_gpio.c estimated size: 624

MCAL_layer/TIMER0/hal_timer0.c
		_Timer0_Init   		CODE           	17B0	0000	142
		_Timer0_prescaler_config		CODE           	18B4	0000	82
		_Timer0_Reg_Size		CODE           	1940	0000	58
		_Timer0_Mode_Select		CODE           	183E	0000	118
		_TMR0_ISR      		CODE           	19B4	0000	56

MCAL_layer/TIMER0/hal_timer0.c estimated size: 456

C:\Program Files\Microchip\xc8\v2.45\pic\sources\c99\common\awmod.c
		___awmod       		CODE           	166A	0000	176

C:\Program Files\Microchip\xc8\v2.45\pic\sources\c99\common\awmod.c estimated size: 176

ECU_layer/SEVEN_SEG/ecu_seven_seg.c
		_seven_segment_init		CODE           	15B2	0000	184

ECU_layer/SEVEN_SEG/ecu_seven_seg.c estimated size: 184

shared
		__initialization		CODE           	1906	0000	44

shared estimated size: 44

application.c
		_init          		CODE           	1A1C	0000	42
		_tmr0_isr      		CODE           	1AAE	0000	4
		_main          		CODE           	171A	0000	150

application.c estimated size: 196

C:\Program Files\Microchip\xc8\v2.45\pic\sources\c99\common\awdiv.c
		___awdiv       		CODE           	14EE	0000	196

C:\Program Files\Microchip\xc8\v2.45\pic\sources\c99\common\awdiv.c estimated size: 196

